[whatsapp-service] Installing dependencies...
bun install v1.3.14 (0d9b296a)

+ typescript@5.9.3
+ @hapi/boom@9.1.4
+ @whiskeysockets/baileys@6.17.16
+ pino@9.14.0
+ qrcode-terminal@0.12.0
+ socket.io@4.8.3
+ socket.io-client@4.8.3

243 packages installed [295.00ms]
[whatsapp-service] Running bun run dev...
$ bun x tsx index.ts
[WA Service] Starting... Auth: /home/z/my-project/mini-services/whatsapp-service/mini-services/whatsapp-service/auth_store/auth_store, Has session: false
[WA->Odoo] Connected to Odoo service
[WA] Connection update: connecting
[WA Service] Running on port 3001
[WA] Connection update: undefined
[WA] QR Code generated, sending to clients
[WA] Connection update: undefined
[WA] QR Code generated, sending to clients
[WA] Connection update: undefined
[WA] QR Code generated, sending to clients
[WA] Connection update: undefined
[WA] QR Code generated, sending to clients
[WA] Connection update: undefined
[WA] QR Code generated, sending to clients
[WA] Connection update: undefined
[WA] QR Code generated, sending to clients
[WA] Connection update: close
[WA] Connection closed. Status: 408, Reconnect: true
[WA] Reconnecting in 2000ms (attempt 1)...
[WA] Connection update: connecting
[WA] Connection update: undefined
[WA] QR Code generated, sending to clients
[WA] Connection update: undefined
[WA] QR Code generated, sending to clients
[WA] Connection update: undefined
[WA] QR Code generated, sending to clients
[WA] Connection update: undefined
[WA] QR Code generated, sending to clients
[WA] Connection update: undefined
[WA] QR Code generated, sending to clients
[WA] Connection update: undefined
[WA] QR Code generated, sending to clients
[WA] Connection update: close
[WA] Connection closed. Status: 408, Reconnect: true
[WA] Reconnecting in 4000ms (attempt 2)...
[WA] Connection update: connecting
[WA] Connection update: undefined
[WA] QR Code generated, sending to clients
[WA] Connection update: undefined
[WA] QR Code generated, sending to clients
[WA] Connection update: undefined
[WA] QR Code generated, sending to clients
[WA] Connection update: undefined
[WA] QR Code generated, sending to clients
[WA] Connection update: undefined
[WA] QR Code generated, sending to clients
[WA] Connection update: undefined
[WA] QR Code generated, sending to clients
[WA] Connection update: close
[WA] Connection closed. Status: 408, Reconnect: true
[WA] Reconnecting in 8000ms (attempt 3)...
[WA] Connection update: connecting
[WA] Connection update: undefined
[WA] QR Code generated, sending to clients
[WA] Connection update: undefined
[WA] QR Code generated, sending to clients
[WA] Connection update: undefined
[WA] QR Code generated, sending to clients
[WA] Connection update: undefined
[WA] QR Code generated, sending to clients
[WA] Connection update: undefined
[WA] QR Code generated, sending to clients
[WA] Connection update: undefined
[WA] QR Code generated, sending to clients
[WA] Connection update: close
[WA] Connection closed. Status: 408, Reconnect: true
[WA] Reconnecting in 16000ms (attempt 4)...
[WA] Connection update: connecting
[WA] Connection update: undefined
[WA] QR Code generated, sending to clients
[WA] Connection update: undefined
[WA] QR Code generated, sending to clients
[WA] Connection update: undefined
[WA] QR Code generated, sending to clients
[WA] Connection update: undefined
[WA] QR Code generated, sending to clients
[WA] Connection update: undefined
[WA] QR Code generated, sending to clients
[WA] Connection update: undefined
[WA] QR Code generated, sending to clients
[WA] Connection update: close
[WA] Connection closed. Status: 408, Reconnect: true
[WA] Reconnecting in 30000ms (attempt 5)...
[WA] Connection update: connecting
[WA] Connection update: undefined
[WA] QR Code generated, sending to clients
[WA] Connection update: undefined
[WA] QR Code generated, sending to clients
[WA] Connection update: undefined
[WA] QR Code generated, sending to clients
[WA] Connection update: undefined
[WA] QR Code generated, sending to clients
[WA] Connection update: undefined
[WA] QR Code generated, sending to clients
[WA] Connection update: undefined
[WA] QR Code generated, sending to clients
[WA] Connection update: close
[WA] Connection closed. Status: 408, Reconnect: true
[WA] Reconnecting in 30000ms (attempt 6)...
[WA] Connection update: connecting
[WA] Connection update: undefined
[WA] QR Code generated, sending to clients
[WA] Connection update: undefined
[WA] QR Code generated, sending to clients
[WA] Connection update: undefined
[WA] QR Code generated, sending to clients
[WA] Connection update: undefined
[WA] QR Code generated, sending to clients
[WA] Connection update: undefined
[WA] QR Code generated, sending to clients
[WA] Connection update: undefined
[WA] QR Code generated, sending to clients
[WA] Connection update: close
[WA] Connection closed. Status: 408, Reconnect: true
[WA] Reconnecting in 30000ms (attempt 7)...
[WA] Connection update: connecting
[WA] Connection update: undefined
[WA] QR Code generated, sending to clients
[WA] Connection update: undefined
[WA] QR Code generated, sending to clients
[WA] Connection update: undefined
[WA] QR Code generated, sending to clients
[WA] Connection update: undefined
[WA] QR Code generated, sending to clients
[WA] Connection update: undefined
[WA] QR Code generated, sending to clients
[WA] Connection update: undefined
[WA] QR Code generated, sending to clients
[WA] Connection update: close
[WA] Connection closed. Status: 408, Reconnect: true
[WA] Reconnecting in 30000ms (attempt 8)...
[WA] Connection update: connecting
[WA] Connection update: undefined
[WA] QR Code generated, sending to clients
[WA] Connection update: undefined
[WA] QR Code generated, sending to clients
[WA] Connection update: undefined
[WA] QR Code generated, sending to clients
[WA] Connection update: undefined
[WA] QR Code generated, sending to clients
[WA] Connection update: undefined
[WA] QR Code generated, sending to clients
[WA] Connection update: undefined
[WA] QR Code generated, sending to clients
[WA] Connection update: close
[WA] Connection closed. Status: 408, Reconnect: true
[WA] Reconnecting in 30000ms (attempt 9)...
[WA] Connection update: connecting
[WA] Connection update: undefined
[WA] QR Code generated, sending to clients
[WA] Connection update: undefined
[WA] QR Code generated, sending to clients
[WA] Connection update: undefined
[WA] QR Code generated, sending to clients
[WA] Connection update: undefined
[WA] QR Code generated, sending to clients
[WA] Connection update: undefined
[WA] QR Code generated, sending to clients
[WA] Connection update: undefined
[WA] QR Code generated, sending to clients
[WA] Connection update: close
[WA] Connection closed. Status: 408, Reconnect: true
[WA] Reconnecting in 30000ms (attempt 10)...
[WA] Connection update: connecting
[WA] Connection update: undefined
[WA] QR Code generated, sending to clients
[WA] Connection update: undefined
[WA] QR Code generated, sending to clients
[WA] Connection update: undefined
[WA] QR Code generated, sending to clients
[WA] Connection update: undefined
[WA] QR Code generated, sending to clients
[WA] Connection update: undefined
[WA] QR Code generated, sending to clients
[WA] Connection update: undefined
[WA] QR Code generated, sending to clients
[WA] Connection update: close
[WA] Connection closed. Status: 408, Reconnect: true
[WA] Reconnecting in 30000ms (attempt 11)...
[WA] Connection update: connecting
[WA] Connection update: undefined
[WA] QR Code generated, sending to clients
[WA] Connection update: undefined
[WA] QR Code generated, sending to clients
[WA] Connection update: undefined
[WA] QR Code generated, sending to clients
[WA] Connection update: undefined
[WA] QR Code generated, sending to clients
[WA] Connection update: undefined
[WA] QR Code generated, sending to clients
[WA] Connection update: undefined
[WA] QR Code generated, sending to clients
[WA] Connection update: close
[WA] Connection closed. Status: 408, Reconnect: true
[WA] Reconnecting in 30000ms (attempt 12)...
[WA] Connection update: connecting
[WA] Connection update: undefined
[WA] QR Code generated, sending to clients
[WA] Connection update: undefined
[WA] QR Code generated, sending to clients
[WA] Connection update: undefined
[WA] QR Code generated, sending to clients
[WA] Connection update: undefined
[WA] QR Code generated, sending to clients
[WA] Connection update: undefined
[WA] QR Code generated, sending to clients
[WA] Connection update: undefined
[WA] QR Code generated, sending to clients
[WA] Connection update: close
[WA] Connection closed. Status: 408, Reconnect: true
[WA] Reconnecting in 30000ms (attempt 13)...
[WA] Connection update: connecting
[WA] Connection update: undefined
[WA] QR Code generated, sending to clients
[WA] Connection update: undefined
[WA] QR Code generated, sending to clients
[WA] Connection update: undefined
[WA] QR Code generated, sending to clients
[WA] Connection update: undefined
[WA] QR Code generated, sending to clients
[WA] Connection update: undefined
[WA] QR Code generated, sending to clients
[WA] Connection update: undefined
[WA] QR Code generated, sending to clients
[WA] Connection update: close
[WA] Connection closed. Status: 408, Reconnect: true
[WA] Reconnecting in 30000ms (attempt 14)...
[WA] Connection update: connecting
[WA] Connection update: undefined
[WA] QR Code generated, sending to clients
[WA] Connection update: undefined
[WA] QR Code generated, sending to clients
[WA] Connection update: undefined
[WA] QR Code generated, sending to clients
[WA] Connection update: undefined
[WA] QR Code generated, sending to clients
[WA] Connection update: undefined
[WA] QR Code generated, sending to clients
[WA] Connection update: undefined
[WA] QR Code generated, sending to clients
[WA] Connection update: close
[WA] Connection closed. Status: 408, Reconnect: true
[WA] Reconnecting in 30000ms (attempt 15)...
[WA] Connection update: connecting
[WA] Connection update: undefined
[WA] QR Code generated, sending to clients
[WA] Connection update: undefined
[WA] QR Code generated, sending to clients
[WA] Connection update: undefined
[WA] QR Code generated, sending to clients
[WA] Connection update: undefined
[WA] QR Code generated, sending to clients
[WA] Connection update: undefined
[WA] QR Code generated, sending to clients
[WA] Connection update: undefined
[WA] QR Code generated, sending to clients
[WA] Connection update: close
[WA] Connection closed. Status: 408, Reconnect: true
[WA] Reconnecting in 30000ms (attempt 16)...
[WA] Connection update: connecting
[WA] Connection update: undefined
[WA] QR Code generated, sending to clients
[WA] Connection update: undefined
[WA] QR Code generated, sending to clients
[WA] Connection update: undefined
[WA] QR Code generated, sending to clients
[WA] Connection update: undefined
[WA] QR Code generated, sending to clients
[WA] Connection update: undefined
[WA] QR Code generated, sending to clients
[WA] Connection update: undefined
[WA] QR Code generated, sending to clients
[WA] Connection update: close
[WA] Connection closed. Status: 408, Reconnect: true
[WA] Reconnecting in 30000ms (attempt 17)...
[WA] Connection update: connecting
[WA] Connection update: undefined
[WA] QR Code generated, sending to clients
[WA] Connection update: undefined
[WA] QR Code generated, sending to clients
[WA] Connection update: undefined
[WA] QR Code generated, sending to clients
[WA] Connection update: undefined
[WA] QR Code generated, sending to clients
[WA] Connection update: undefined
[WA] QR Code generated, sending to clients
[WA] Connection update: undefined
[WA] QR Code generated, sending to clients
[WA] Connection update: close
[WA] Connection closed. Status: 408, Reconnect: true
[WA] Reconnecting in 30000ms (attempt 18)...
[WA] Connection update: connecting
[WA] Connection update: undefined
[WA] QR Code generated, sending to clients
[WA] Connection update: undefined
[WA] QR Code generated, sending to clients
[WA] Connection update: undefined
[WA] QR Code generated, sending to clients
[WA] Connection update: undefined
[WA] QR Code generated, sending to clients
[WA] Connection update: undefined
[WA] QR Code generated, sending to clients
[WA] Connection update: undefined
[WA] QR Code generated, sending to clients
[WA] Connection update: close
[WA] Connection closed. Status: 408, Reconnect: true
[WA] Reconnecting in 30000ms (attempt 19)...
[WA] Connection update: connecting
[WA] Connection update: undefined
[WA] QR Code generated, sending to clients
[WA] Connection update: undefined
[WA] QR Code generated, sending to clients
[WA] Connection update: undefined
[WA] QR Code generated, sending to clients
[WA] Connection update: undefined
[WA] QR Code generated, sending to clients
[WA] Connection update: undefined
[WA] QR Code generated, sending to clients
[WA] Connection update: undefined
[WA] QR Code generated, sending to clients
[WA] Connection update: close
[WA] Connection closed. Status: 408, Reconnect: true
[WA] Reconnecting in 30000ms (attempt 20)...
[WA] Connection update: connecting
[WA] Connection update: undefined
[WA] QR Code generated, sending to clients
[WA] Connection update: undefined
[WA] QR Code generated, sending to clients
[WA] Connection update: undefined
[WA] QR Code generated, sending to clients
[WA] Connection update: undefined
[WA] QR Code generated, sending to clients
[WA] Connection update: undefined
[WA] QR Code generated, sending to clients
[WA] Connection update: undefined
[WA] QR Code generated, sending to clients
[WA] Connection update: close
[WA] Connection closed. Status: 408, Reconnect: true
[WA] Reconnecting in 30000ms (attempt 21)...
